// Jest Snapshot v1, https://goo.gl/fbAQLP

exports[`EventDetailsBreadcrumb component should match snapshot 1`] = `
<body>
  <div>
    <nav
      aria-label="breadcrumb"
    >
      <ol
        class="breadcrumb"
      >
        <li
          class="breadcrumb-item"
        >
          <a
            href="/"
            title="Home"
          >
            Home
          </a>
        </li>
        <li
          class="breadcrumb-item"
        >
          <a
            href="/event-category/someCategory"
            title="Category someCategory"
          >
            someCategory
          </a>
        </li>
        <li
          aria-current="page"
          class="breadcrumb-item active"
        >
          someTitle
        </li>
      </ol>
    </nav>
  </div>
</body>
`;
