// Jest Snapshot v1, https://goo.gl/fbAQLP

exports[`EventListBreadcrumb component should match snapshot 1`] = `
<body>
  <div>
    <ul
      class="breadcrumb breadcrumb-container"
    >
      <li
        class="breadcrumb-item"
      >
        <a
          href="/"
          title="home"
        >
          Home
        </a>
      </li>
      <li
        class="breadcrumb-item breadcrumb-item__inactive"
      >
        Event list
      </li>
    </ul>
  </div>
</body>
`;
